<?xml version="1.0" encoding="utf-8"?><testsuites name="pytest tests"><testsuite name="pytest" errors="0" failures="0" skipped="0" tests="35" time="11.768" timestamp="2026-10-08T12:44:20.527193+05:30" hostname="Chiranjeet"><testcase classname="tests.test_integrity" name="test_integrity_failure_prevents_unpickle" time="0.054" /><testcase classname="tests.test_mcp" name="test_stdio_end_to_end" time="5.239" /><testcase classname="tests.test_prediction" name="test_invalid[nitrogen--1]" time="0.001" /><testcase classname="tests.test_prediction" name="test_invalid[humidity-101]" time="0.001" /><testcase classname="tests.test_prediction" name="test_invalid[ph-15]" time="0.001" /><testcase classname="tests.test_prediction" name="test_invalid[area-0]" time="0.001" /><testcase classname="tests.test_prediction" name="test_invalid[year-2020.5]" time="0.001" /><testcase classname="tests.test_prediction" name="test_invalid[temperature-inf]" time="0.001" /><testcase classname="tests.test_prediction" name="test_invalid[rainfall-20]" time="0.001" /><testcase classname="tests.test_prediction" name="test_invalid[district-]" time="0.001" /><testcase classname="tests.test_prediction" name="test_invalid[nitrogen-True]" time="0.001" /><testcase classname="tests.test_prediction" name="test_required" time="0.001" /><testcase classname="tests.test_prediction" name="test_saved_models_and_order" time="2.138" /><testcase classname="tests.test_prediction" name="test_unknown_geography" time="0.242" /><testcase classname="tests.test_prediction" name="test_crop_without_yield" time="0.292" /><testcase classname="tests.test_prediction" name="test_extrapolation_warning" time="0.277" /><testcase classname="tests.test_services" name="test_dashboard_health_assets" time="0.124" /><testcase classname="tests.test_services" name="test_api_matches_python" time="0.567" /><testcase classname="tests.test_services" name="test_strict_requests[nitrogen-True]" time="0.004" /><testcase classname="tests.test_services" name="test_strict_requests[rainfall-20]" time="0.003" /><testcase classname="tests.test_services" name="test_strict_requests[year-2010.0]" time="0.003" /><testcase classname="tests.test_services" name="test_strict_requests[year-2010.5]" time="0.003" /><testcase classname="tests.test_services" name="test_strict_requests[humidity-101]" time="0.003" /><testcase classname="tests.test_services" name="test_strict_requests[area-0]" time="0.003" /><testcase classname="tests.test_services" name="test_strict_requests[state- ]" time="0.004" /><testcase classname="tests.test_services" name="test_unknown_and_missing_fields" time="0.005" /><testcase classname="tests.test_services" name="test_nonfinite_and_normalisation" time="0.001" /><testcase classname="tests.test_services" name="test_security" time="0.251" /><testcase classname="tests.test_services" name="test_model_info_coverage_and_example" time="0.011" /><testcase classname="tests.test_services" name="test_explanation_math" time="0.487" /><testcase classname="tests.test_services" name="test_bad_weather_coordinates[91-0]" time="0.001" /><testcase classname="tests.test_services" name="test_bad_weather_coordinates[0-181]" time="0.001" /><testcase classname="tests.test_services" name="test_bad_weather_coordinates[True-0]" time="0.001" /><testcase classname="tests.test_services" name="test_bad_weather_coordinates[nan-0]" time="0.001" /><testcase classname="tests.test_services" name="test_weather_success_and_failure" time="0.008" /></testsuite></testsuites>